// Jest Snapshot v1, https://goo.gl/fbAQLP

exports[`работа кнопки АКТИВНЫЕ 1`] = `
<div
  className="MobileCompany"
>
  <input
    onClick={[Function]}
    type="button"
    value="МТС"
  />
  <input
    onClick={[Function]}
    type="button"
    value="Velcom"
  />
  <div>
    Компания «
    Velcom
    »
  </div>
  <div
    className="FilterBlock"
  >
    <input
      className="All"
      onClick={[Function]}
      type="button"
      value="Все"
    />
    <input
      onClick={[Function]}
      type="button"
      value="Активные"
    />
    <input
      onClick={[Function]}
      type="button"
      value="Заблокированные"
    />
  </div>
  <table
    className="ClientsTable"
  >
    <thead>
      <tr
        className="header"
      >
        <th>
          Фамилия
        </th>
        <th>
          Имя
        </th>
        <th>
          Отчество
        </th>
        <th>
          Баланс
        </th>
        <th>
          Статус
        </th>
        <th>
          Редактировать
        </th>
        <th>
          Удалить
        </th>
      </tr>
    </thead>
    <tbody>
      <tr
        className="MobileClient"
      >
        <td>
          Иванов
        </td>
        <td>
          Иван
        </td>
        <td>
          Иванович
        </td>
        <td>
          200
        </td>
        <td
          style={
            Object {
              "background": "green",
            }
          }
        >
          active
        </td>
        <td>
          <input
            onClick={[Function]}
            type="button"
            value="Редактировать"
          />
        </td>
        <td>
          <input
            onClick={[Function]}
            type="button"
            value="Удалить"
          />
        </td>
      </tr>
      <tr
        className="MobileClient"
      >
        <td>
          Сидоров
        </td>
        <td>
          Сергей
        </td>
        <td>
          Сергеевич
        </td>
        <td>
          250
        </td>
        <td
          style={
            Object {
              "background": "green",
            }
          }
        >
          active
        </td>
        <td>
          <input
            onClick={[Function]}
            type="button"
            value="Редактировать"
          />
        </td>
        <td>
          <input
            onClick={[Function]}
            type="button"
            value="Удалить"
          />
        </td>
      </tr>
      <tr
        className="MobileClient"
      >
        <td>
          Петров
        </td>
        <td>
          Пётр
        </td>
        <td>
          Петрович
        </td>
        <td>
          180
        </td>
        <td
          style={
            Object {
              "background": "green",
            }
          }
        >
          active
        </td>
        <td>
          <input
            onClick={[Function]}
            type="button"
            value="Редактировать"
          />
        </td>
        <td>
          <input
            onClick={[Function]}
            type="button"
            value="Удалить"
          />
        </td>
      </tr>
      <tr
        className="MobileClient"
      >
        <td>
          Григорьев
        </td>
        <td>
          Григорий
        </td>
        <td>
          Григорьевич
        </td>
        <td>
          -220
        </td>
        <td
          style={
            Object {
              "background": "red",
            }
          }
        >
          blocked
        </td>
        <td>
          <input
            onClick={[Function]}
            type="button"
            value="Редактировать"
          />
        </td>
        <td>
          <input
            onClick={[Function]}
            type="button"
            value="Удалить"
          />
        </td>
      </tr>
    </tbody>
  </table>
  <input
    hidden={false}
    onClick={[Function]}
    type="button"
    value="Добавь клиента"
  />
</div>
`;

exports[`работа кнопки АКТИВНЫЕ 2`] = `
<div
  className="MobileCompany"
>
  <input
    onClick={[Function]}
    type="button"
    value="МТС"
  />
  <input
    onClick={[Function]}
    type="button"
    value="Velcom"
  />
  <div>
    Компания «
    Velcom
    »
  </div>
  <div
    className="FilterBlock"
  >
    <input
      className="All"
      onClick={[Function]}
      type="button"
      value="Все"
    />
    <input
      onClick={[Function]}
      type="button"
      value="Активные"
    />
    <input
      onClick={[Function]}
      type="button"
      value="Заблокированные"
    />
  </div>
  <table
    className="ClientsTable"
  >
    <thead>
      <tr
        className="header"
      >
        <th>
          Фамилия
        </th>
        <th>
          Имя
        </th>
        <th>
          Отчество
        </th>
        <th>
          Баланс
        </th>
        <th>
          Статус
        </th>
        <th>
          Редактировать
        </th>
        <th>
          Удалить
        </th>
      </tr>
    </thead>
    <tbody>
      <tr
        className="MobileClient"
      >
        <td>
          Иванов
        </td>
        <td>
          Иван
        </td>
        <td>
          Иванович
        </td>
        <td>
          200
        </td>
        <td
          style={
            Object {
              "background": "green",
            }
          }
        >
          active
        </td>
        <td>
          <input
            onClick={[Function]}
            type="button"
            value="Редактировать"
          />
        </td>
        <td>
          <input
            onClick={[Function]}
            type="button"
            value="Удалить"
          />
        </td>
      </tr>
      <tr
        className="MobileClient"
      >
        <td>
          Сидоров
        </td>
        <td>
          Сергей
        </td>
        <td>
          Сергеевич
        </td>
        <td>
          250
        </td>
        <td
          style={
            Object {
              "background": "green",
            }
          }
        >
          active
        </td>
        <td>
          <input
            onClick={[Function]}
            type="button"
            value="Редактировать"
          />
        </td>
        <td>
          <input
            onClick={[Function]}
            type="button"
            value="Удалить"
          />
        </td>
      </tr>
      <tr
        className="MobileClient"
      >
        <td>
          Петров
        </td>
        <td>
          Пётр
        </td>
        <td>
          Петрович
        </td>
        <td>
          180
        </td>
        <td
          style={
            Object {
              "background": "green",
            }
          }
        >
          active
        </td>
        <td>
          <input
            onClick={[Function]}
            type="button"
            value="Редактировать"
          />
        </td>
        <td>
          <input
            onClick={[Function]}
            type="button"
            value="Удалить"
          />
        </td>
      </tr>
    </tbody>
  </table>
  <input
    hidden={false}
    onClick={[Function]}
    type="button"
    value="Добавь клиента"
  />
</div>
`;

exports[`работа кнопки АКТИВНЫЕ 3`] = `
<div
  className="MobileCompany"
>
  <input
    onClick={[Function]}
    type="button"
    value="МТС"
  />
  <input
    onClick={[Function]}
    type="button"
    value="Velcom"
  />
  <div>
    Компания «
    Velcom
    »
  </div>
  <div
    className="FilterBlock"
  >
    <input
      className="All"
      onClick={[Function]}
      type="button"
      value="Все"
    />
    <input
      onClick={[Function]}
      type="button"
      value="Активные"
    />
    <input
      onClick={[Function]}
      type="button"
      value="Заблокированные"
    />
  </div>
  <table
    className="ClientsTable"
  >
    <thead>
      <tr
        className="header"
      >
        <th>
          Фамилия
        </th>
        <th>
          Имя
        </th>
        <th>
          Отчество
        </th>
        <th>
          Баланс
        </th>
        <th>
          Статус
        </th>
        <th>
          Редактировать
        </th>
        <th>
          Удалить
        </th>
      </tr>
    </thead>
    <tbody>
      <tr
        className="MobileClient"
      >
        <td>
          Иванов
        </td>
        <td>
          Иван
        </td>
        <td>
          Иванович
        </td>
        <td>
          200
        </td>
        <td
          style={
            Object {
              "background": "green",
            }
          }
        >
          active
        </td>
        <td>
          <input
            onClick={[Function]}
            type="button"
            value="Редактировать"
          />
        </td>
        <td>
          <input
            onClick={[Function]}
            type="button"
            value="Удалить"
          />
        </td>
      </tr>
      <tr
        className="MobileClient"
      >
        <td>
          Сидоров
        </td>
        <td>
          Сергей
        </td>
        <td>
          Сергеевич
        </td>
        <td>
          250
        </td>
        <td
          style={
            Object {
              "background": "green",
            }
          }
        >
          active
        </td>
        <td>
          <input
            onClick={[Function]}
            type="button"
            value="Редактировать"
          />
        </td>
        <td>
          <input
            onClick={[Function]}
            type="button"
            value="Удалить"
          />
        </td>
      </tr>
      <tr
        className="MobileClient"
      >
        <td>
          Петров
        </td>
        <td>
          Пётр
        </td>
        <td>
          Петрович
        </td>
        <td>
          180
        </td>
        <td
          style={
            Object {
              "background": "green",
            }
          }
        >
          active
        </td>
        <td>
          <input
            onClick={[Function]}
            type="button"
            value="Редактировать"
          />
        </td>
        <td>
          <input
            onClick={[Function]}
            type="button"
            value="Удалить"
          />
        </td>
      </tr>
    </tbody>
  </table>
  <input
    hidden={false}
    onClick={[Function]}
    type="button"
    value="Добавь клиента"
  />
</div>
`;

exports[`работа кнопки ВСЕ 1`] = `
<div
  className="MobileCompany"
>
  <input
    onClick={[Function]}
    type="button"
    value="МТС"
  />
  <input
    onClick={[Function]}
    type="button"
    value="Velcom"
  />
  <div>
    Компания «
    Velcom
    »
  </div>
  <div
    className="FilterBlock"
  >
    <input
      className="All"
      onClick={[Function]}
      type="button"
      value="Все"
    />
    <input
      onClick={[Function]}
      type="button"
      value="Активные"
    />
    <input
      onClick={[Function]}
      type="button"
      value="Заблокированные"
    />
  </div>
  <table
    className="ClientsTable"
  >
    <thead>
      <tr
        className="header"
      >
        <th>
          Фамилия
        </th>
        <th>
          Имя
        </th>
        <th>
          Отчество
        </th>
        <th>
          Баланс
        </th>
        <th>
          Статус
        </th>
        <th>
          Редактировать
        </th>
        <th>
          Удалить
        </th>
      </tr>
    </thead>
    <tbody>
      <tr
        className="MobileClient"
      >
        <td>
          Иванов
        </td>
        <td>
          Иван
        </td>
        <td>
          Иванович
        </td>
        <td>
          200
        </td>
        <td
          style={
            Object {
              "background": "green",
            }
          }
        >
          active
        </td>
        <td>
          <input
            onClick={[Function]}
            type="button"
            value="Редактировать"
          />
        </td>
        <td>
          <input
            onClick={[Function]}
            type="button"
            value="Удалить"
          />
        </td>
      </tr>
      <tr
        className="MobileClient"
      >
        <td>
          Сидоров
        </td>
        <td>
          Сергей
        </td>
        <td>
          Сергеевич
        </td>
        <td>
          250
        </td>
        <td
          style={
            Object {
              "background": "green",
            }
          }
        >
          active
        </td>
        <td>
          <input
            onClick={[Function]}
            type="button"
            value="Редактировать"
          />
        </td>
        <td>
          <input
            onClick={[Function]}
            type="button"
            value="Удалить"
          />
        </td>
      </tr>
      <tr
        className="MobileClient"
      >
        <td>
          Петров
        </td>
        <td>
          Пётр
        </td>
        <td>
          Петрович
        </td>
        <td>
          180
        </td>
        <td
          style={
            Object {
              "background": "green",
            }
          }
        >
          active
        </td>
        <td>
          <input
            onClick={[Function]}
            type="button"
            value="Редактировать"
          />
        </td>
        <td>
          <input
            onClick={[Function]}
            type="button"
            value="Удалить"
          />
        </td>
      </tr>
      <tr
        className="MobileClient"
      >
        <td>
          Григорьев
        </td>
        <td>
          Григорий
        </td>
        <td>
          Григорьевич
        </td>
        <td>
          -220
        </td>
        <td
          style={
            Object {
              "background": "red",
            }
          }
        >
          blocked
        </td>
        <td>
          <input
            onClick={[Function]}
            type="button"
            value="Редактировать"
          />
        </td>
        <td>
          <input
            onClick={[Function]}
            type="button"
            value="Удалить"
          />
        </td>
      </tr>
    </tbody>
  </table>
  <input
    hidden={false}
    onClick={[Function]}
    type="button"
    value="Добавь клиента"
  />
</div>
`;

exports[`работа кнопки ВСЕ 2`] = `
<div
  className="MobileCompany"
>
  <input
    onClick={[Function]}
    type="button"
    value="МТС"
  />
  <input
    onClick={[Function]}
    type="button"
    value="Velcom"
  />
  <div>
    Компания «
    Velcom
    »
  </div>
  <div
    className="FilterBlock"
  >
    <input
      className="All"
      onClick={[Function]}
      type="button"
      value="Все"
    />
    <input
      onClick={[Function]}
      type="button"
      value="Активные"
    />
    <input
      onClick={[Function]}
      type="button"
      value="Заблокированные"
    />
  </div>
  <table
    className="ClientsTable"
  >
    <thead>
      <tr
        className="header"
      >
        <th>
          Фамилия
        </th>
        <th>
          Имя
        </th>
        <th>
          Отчество
        </th>
        <th>
          Баланс
        </th>
        <th>
          Статус
        </th>
        <th>
          Редактировать
        </th>
        <th>
          Удалить
        </th>
      </tr>
    </thead>
    <tbody>
      <tr
        className="MobileClient"
      >
        <td>
          Иванов
        </td>
        <td>
          Иван
        </td>
        <td>
          Иванович
        </td>
        <td>
          200
        </td>
        <td
          style={
            Object {
              "background": "green",
            }
          }
        >
          active
        </td>
        <td>
          <input
            onClick={[Function]}
            type="button"
            value="Редактировать"
          />
        </td>
        <td>
          <input
            onClick={[Function]}
            type="button"
            value="Удалить"
          />
        </td>
      </tr>
      <tr
        className="MobileClient"
      >
        <td>
          Сидоров
        </td>
        <td>
          Сергей
        </td>
        <td>
          Сергеевич
        </td>
        <td>
          250
        </td>
        <td
          style={
            Object {
              "background": "green",
            }
          }
        >
          active
        </td>
        <td>
          <input
            onClick={[Function]}
            type="button"
            value="Редактировать"
          />
        </td>
        <td>
          <input
            onClick={[Function]}
            type="button"
            value="Удалить"
          />
        </td>
      </tr>
      <tr
        className="MobileClient"
      >
        <td>
          Петров
        </td>
        <td>
          Пётр
        </td>
        <td>
          Петрович
        </td>
        <td>
          180
        </td>
        <td
          style={
            Object {
              "background": "green",
            }
          }
        >
          active
        </td>
        <td>
          <input
            onClick={[Function]}
            type="button"
            value="Редактировать"
          />
        </td>
        <td>
          <input
            onClick={[Function]}
            type="button"
            value="Удалить"
          />
        </td>
      </tr>
      <tr
        className="MobileClient"
      >
        <td>
          Григорьев
        </td>
        <td>
          Григорий
        </td>
        <td>
          Григорьевич
        </td>
        <td>
          -220
        </td>
        <td
          style={
            Object {
              "background": "red",
            }
          }
        >
          blocked
        </td>
        <td>
          <input
            onClick={[Function]}
            type="button"
            value="Редактировать"
          />
        </td>
        <td>
          <input
            onClick={[Function]}
            type="button"
            value="Удалить"
          />
        </td>
      </tr>
    </tbody>
  </table>
  <input
    hidden={false}
    onClick={[Function]}
    type="button"
    value="Добавь клиента"
  />
</div>
`;

exports[`работа кнопки ВСЕ 3`] = `
<div
  className="MobileCompany"
>
  <input
    onClick={[Function]}
    type="button"
    value="МТС"
  />
  <input
    onClick={[Function]}
    type="button"
    value="Velcom"
  />
  <div>
    Компания «
    Velcom
    »
  </div>
  <div
    className="FilterBlock"
  >
    <input
      className="All"
      onClick={[Function]}
      type="button"
      value="Все"
    />
    <input
      onClick={[Function]}
      type="button"
      value="Активные"
    />
    <input
      onClick={[Function]}
      type="button"
      value="Заблокированные"
    />
  </div>
  <table
    className="ClientsTable"
  >
    <thead>
      <tr
        className="header"
      >
        <th>
          Фамилия
        </th>
        <th>
          Имя
        </th>
        <th>
          Отчество
        </th>
        <th>
          Баланс
        </th>
        <th>
          Статус
        </th>
        <th>
          Редактировать
        </th>
        <th>
          Удалить
        </th>
      </tr>
    </thead>
    <tbody>
      <tr
        className="MobileClient"
      >
        <td>
          Иванов
        </td>
        <td>
          Иван
        </td>
        <td>
          Иванович
        </td>
        <td>
          200
        </td>
        <td
          style={
            Object {
              "background": "green",
            }
          }
        >
          active
        </td>
        <td>
          <input
            onClick={[Function]}
            type="button"
            value="Редактировать"
          />
        </td>
        <td>
          <input
            onClick={[Function]}
            type="button"
            value="Удалить"
          />
        </td>
      </tr>
      <tr
        className="MobileClient"
      >
        <td>
          Сидоров
        </td>
        <td>
          Сергей
        </td>
        <td>
          Сергеевич
        </td>
        <td>
          250
        </td>
        <td
          style={
            Object {
              "background": "green",
            }
          }
        >
          active
        </td>
        <td>
          <input
            onClick={[Function]}
            type="button"
            value="Редактировать"
          />
        </td>
        <td>
          <input
            onClick={[Function]}
            type="button"
            value="Удалить"
          />
        </td>
      </tr>
      <tr
        className="MobileClient"
      >
        <td>
          Петров
        </td>
        <td>
          Пётр
        </td>
        <td>
          Петрович
        </td>
        <td>
          180
        </td>
        <td
          style={
            Object {
              "background": "green",
            }
          }
        >
          active
        </td>
        <td>
          <input
            onClick={[Function]}
            type="button"
            value="Редактировать"
          />
        </td>
        <td>
          <input
            onClick={[Function]}
            type="button"
            value="Удалить"
          />
        </td>
      </tr>
      <tr
        className="MobileClient"
      >
        <td>
          Григорьев
        </td>
        <td>
          Григорий
        </td>
        <td>
          Григорьевич
        </td>
        <td>
          -220
        </td>
        <td
          style={
            Object {
              "background": "red",
            }
          }
        >
          blocked
        </td>
        <td>
          <input
            onClick={[Function]}
            type="button"
            value="Редактировать"
          />
        </td>
        <td>
          <input
            onClick={[Function]}
            type="button"
            value="Удалить"
          />
        </td>
      </tr>
    </tbody>
  </table>
  <input
    hidden={false}
    onClick={[Function]}
    type="button"
    value="Добавь клиента"
  />
</div>
`;

exports[`работа кнопки Добавить клиента 1`] = `
<div
  className="MobileCompany"
>
  <input
    onClick={[Function]}
    type="button"
    value="МТС"
  />
  <input
    onClick={[Function]}
    type="button"
    value="Velcom"
  />
  <div>
    Компания «
    Velcom
    »
  </div>
  <div
    className="FilterBlock"
  >
    <input
      className="All"
      onClick={[Function]}
      type="button"
      value="Все"
    />
    <input
      onClick={[Function]}
      type="button"
      value="Активные"
    />
    <input
      onClick={[Function]}
      type="button"
      value="Заблокированные"
    />
  </div>
  <table
    className="ClientsTable"
  >
    <thead>
      <tr
        className="header"
      >
        <th>
          Фамилия
        </th>
        <th>
          Имя
        </th>
        <th>
          Отчество
        </th>
        <th>
          Баланс
        </th>
        <th>
          Статус
        </th>
        <th>
          Редактировать
        </th>
        <th>
          Удалить
        </th>
      </tr>
    </thead>
    <tbody>
      <tr
        className="MobileClient"
      >
        <td>
          Иванов
        </td>
        <td>
          Иван
        </td>
        <td>
          Иванович
        </td>
        <td>
          200
        </td>
        <td
          style={
            Object {
              "background": "green",
            }
          }
        >
          active
        </td>
        <td>
          <input
            onClick={[Function]}
            type="button"
            value="Редактировать"
          />
        </td>
        <td>
          <input
            onClick={[Function]}
            type="button"
            value="Удалить"
          />
        </td>
      </tr>
      <tr
        className="MobileClient"
      >
        <td>
          Сидоров
        </td>
        <td>
          Сергей
        </td>
        <td>
          Сергеевич
        </td>
        <td>
          250
        </td>
        <td
          style={
            Object {
              "background": "green",
            }
          }
        >
          active
        </td>
        <td>
          <input
            onClick={[Function]}
            type="button"
            value="Редактировать"
          />
        </td>
        <td>
          <input
            onClick={[Function]}
            type="button"
            value="Удалить"
          />
        </td>
      </tr>
      <tr
        className="MobileClient"
      >
        <td>
          Петров
        </td>
        <td>
          Пётр
        </td>
        <td>
          Петрович
        </td>
        <td>
          180
        </td>
        <td
          style={
            Object {
              "background": "green",
            }
          }
        >
          active
        </td>
        <td>
          <input
            onClick={[Function]}
            type="button"
            value="Редактировать"
          />
        </td>
        <td>
          <input
            onClick={[Function]}
            type="button"
            value="Удалить"
          />
        </td>
      </tr>
      <tr
        className="MobileClient"
      >
        <td>
          Григорьев
        </td>
        <td>
          Григорий
        </td>
        <td>
          Григорьевич
        </td>
        <td>
          -220
        </td>
        <td
          style={
            Object {
              "background": "red",
            }
          }
        >
          blocked
        </td>
        <td>
          <input
            onClick={[Function]}
            type="button"
            value="Редактировать"
          />
        </td>
        <td>
          <input
            onClick={[Function]}
            type="button"
            value="Удалить"
          />
        </td>
      </tr>
    </tbody>
  </table>
  <input
    hidden={false}
    onClick={[Function]}
    type="button"
    value="Добавь клиента"
  />
</div>
`;

exports[`работа кнопки Добавить клиента 2`] = `
<div
  className="MobileCompany"
>
  <input
    onClick={[Function]}
    type="button"
    value="МТС"
  />
  <input
    onClick={[Function]}
    type="button"
    value="Velcom"
  />
  <div>
    Компания «
    Velcom
    »
  </div>
  <div
    className="FilterBlock"
  >
    <input
      className="All"
      onClick={[Function]}
      type="button"
      value="Все"
    />
    <input
      onClick={[Function]}
      type="button"
      value="Активные"
    />
    <input
      onClick={[Function]}
      type="button"
      value="Заблокированные"
    />
  </div>
  <table
    className="ClientsTable"
  >
    <thead>
      <tr
        className="header"
      >
        <th>
          Фамилия
        </th>
        <th>
          Имя
        </th>
        <th>
          Отчество
        </th>
        <th>
          Баланс
        </th>
        <th>
          Статус
        </th>
        <th>
          Редактировать
        </th>
        <th>
          Удалить
        </th>
      </tr>
    </thead>
    <tbody>
      <tr
        className="MobileClient"
      >
        <td>
          Иванов
        </td>
        <td>
          Иван
        </td>
        <td>
          Иванович
        </td>
        <td>
          200
        </td>
        <td
          style={
            Object {
              "background": "green",
            }
          }
        >
          active
        </td>
        <td>
          <input
            onClick={[Function]}
            type="button"
            value="Редактировать"
          />
        </td>
        <td>
          <input
            onClick={[Function]}
            type="button"
            value="Удалить"
          />
        </td>
      </tr>
      <tr
        className="MobileClient"
      >
        <td>
          Сидоров
        </td>
        <td>
          Сергей
        </td>
        <td>
          Сергеевич
        </td>
        <td>
          250
        </td>
        <td
          style={
            Object {
              "background": "green",
            }
          }
        >
          active
        </td>
        <td>
          <input
            onClick={[Function]}
            type="button"
            value="Редактировать"
          />
        </td>
        <td>
          <input
            onClick={[Function]}
            type="button"
            value="Удалить"
          />
        </td>
      </tr>
      <tr
        className="MobileClient"
      >
        <td>
          Петров
        </td>
        <td>
          Пётр
        </td>
        <td>
          Петрович
        </td>
        <td>
          180
        </td>
        <td
          style={
            Object {
              "background": "green",
            }
          }
        >
          active
        </td>
        <td>
          <input
            onClick={[Function]}
            type="button"
            value="Редактировать"
          />
        </td>
        <td>
          <input
            onClick={[Function]}
            type="button"
            value="Удалить"
          />
        </td>
      </tr>
      <tr
        className="MobileClient"
      >
        <td>
          Григорьев
        </td>
        <td>
          Григорий
        </td>
        <td>
          Григорьевич
        </td>
        <td>
          -220
        </td>
        <td
          style={
            Object {
              "background": "red",
            }
          }
        >
          blocked
        </td>
        <td>
          <input
            onClick={[Function]}
            type="button"
            value="Редактировать"
          />
        </td>
        <td>
          <input
            onClick={[Function]}
            type="button"
            value="Удалить"
          />
        </td>
      </tr>
    </tbody>
  </table>
  <input
    hidden={true}
    onClick={[Function]}
    type="button"
    value="Добавь клиента"
  />
  <div
    className="MobileForm"
    hidden={false}
  >
    <h3>
      Добавить нового клиента
    </h3>
    <span>
      ID: 
      5
    </span>
    <label
      className="label"
    >
      <span
        className="inputName"
      >
        Фамилия
      </span>
      <input
        defaultValue=""
        name="lastName"
        type="text"
      />
    </label>
    <label
      className="label"
    >
      <span
        className="inputName"
      >
        Имя
      </span>
      <input
        defaultValue=""
        name="name"
        type="text"
      />
    </label>
    <label
      className="label"
    >
      <span
        className="inputName"
      >
        Отчество
      </span>
      <input
        defaultValue=""
        name="middle_name"
        type="text"
      />
    </label>
    <label
      className="label"
    >
      <span
        className="inputName"
      >
        Баланс
      </span>
      <input
        defaultValue={0}
        name="balance"
        type="text"
      />
    </label>
    <input
      onClick={[Function]}
      type="button"
      value="Добвить"
    />
    <input
      onClick={[Function]}
      type="button"
      value="Отменить"
    />
  </div>
</div>
`;

exports[`работа кнопки Добавить клиента 3`] = `
<div
  className="MobileCompany"
>
  <input
    onClick={[Function]}
    type="button"
    value="МТС"
  />
  <input
    onClick={[Function]}
    type="button"
    value="Velcom"
  />
  <div>
    Компания «
    Velcom
    »
  </div>
  <div
    className="FilterBlock"
  >
    <input
      className="All"
      onClick={[Function]}
      type="button"
      value="Все"
    />
    <input
      onClick={[Function]}
      type="button"
      value="Активные"
    />
    <input
      onClick={[Function]}
      type="button"
      value="Заблокированные"
    />
  </div>
  <table
    className="ClientsTable"
  >
    <thead>
      <tr
        className="header"
      >
        <th>
          Фамилия
        </th>
        <th>
          Имя
        </th>
        <th>
          Отчество
        </th>
        <th>
          Баланс
        </th>
        <th>
          Статус
        </th>
        <th>
          Редактировать
        </th>
        <th>
          Удалить
        </th>
      </tr>
    </thead>
    <tbody>
      <tr
        className="MobileClient"
      >
        <td>
          Иванов
        </td>
        <td>
          Иван
        </td>
        <td>
          Иванович
        </td>
        <td>
          200
        </td>
        <td
          style={
            Object {
              "background": "green",
            }
          }
        >
          active
        </td>
        <td>
          <input
            onClick={[Function]}
            type="button"
            value="Редактировать"
          />
        </td>
        <td>
          <input
            onClick={[Function]}
            type="button"
            value="Удалить"
          />
        </td>
      </tr>
      <tr
        className="MobileClient"
      >
        <td>
          Сидоров
        </td>
        <td>
          Сергей
        </td>
        <td>
          Сергеевич
        </td>
        <td>
          250
        </td>
        <td
          style={
            Object {
              "background": "green",
            }
          }
        >
          active
        </td>
        <td>
          <input
            onClick={[Function]}
            type="button"
            value="Редактировать"
          />
        </td>
        <td>
          <input
            onClick={[Function]}
            type="button"
            value="Удалить"
          />
        </td>
      </tr>
      <tr
        className="MobileClient"
      >
        <td>
          Петров
        </td>
        <td>
          Пётр
        </td>
        <td>
          Петрович
        </td>
        <td>
          180
        </td>
        <td
          style={
            Object {
              "background": "green",
            }
          }
        >
          active
        </td>
        <td>
          <input
            onClick={[Function]}
            type="button"
            value="Редактировать"
          />
        </td>
        <td>
          <input
            onClick={[Function]}
            type="button"
            value="Удалить"
          />
        </td>
      </tr>
      <tr
        className="MobileClient"
      >
        <td>
          Григорьев
        </td>
        <td>
          Григорий
        </td>
        <td>
          Григорьевич
        </td>
        <td>
          -220
        </td>
        <td
          style={
            Object {
              "background": "red",
            }
          }
        >
          blocked
        </td>
        <td>
          <input
            onClick={[Function]}
            type="button"
            value="Редактировать"
          />
        </td>
        <td>
          <input
            onClick={[Function]}
            type="button"
            value="Удалить"
          />
        </td>
      </tr>
    </tbody>
  </table>
  <input
    hidden={true}
    onClick={[Function]}
    type="button"
    value="Добавь клиента"
  />
  <div
    className="MobileForm"
    hidden={false}
  >
    <h3>
      Добавить нового клиента
    </h3>
    <span>
      ID: 
      5
    </span>
    <label
      className="label"
    >
      <span
        className="inputName"
      >
        Фамилия
      </span>
      <input
        defaultValue=""
        name="lastName"
        type="text"
      />
    </label>
    <label
      className="label"
    >
      <span
        className="inputName"
      >
        Имя
      </span>
      <input
        defaultValue=""
        name="name"
        type="text"
      />
    </label>
    <label
      className="label"
    >
      <span
        className="inputName"
      >
        Отчество
      </span>
      <input
        defaultValue=""
        name="middle_name"
        type="text"
      />
    </label>
    <label
      className="label"
    >
      <span
        className="inputName"
      >
        Баланс
      </span>
      <input
        defaultValue={0}
        name="balance"
        type="text"
      />
    </label>
    <input
      onClick={[Function]}
      type="button"
      value="Добвить"
    />
    <input
      onClick={[Function]}
      type="button"
      value="Отменить"
    />
  </div>
</div>
`;

exports[`работа кнопки ЗАБЛОКИРОВАННЫЕ 1`] = `
<div
  className="MobileCompany"
>
  <input
    onClick={[Function]}
    type="button"
    value="МТС"
  />
  <input
    onClick={[Function]}
    type="button"
    value="Velcom"
  />
  <div>
    Компания «
    Velcom
    »
  </div>
  <div
    className="FilterBlock"
  >
    <input
      className="All"
      onClick={[Function]}
      type="button"
      value="Все"
    />
    <input
      onClick={[Function]}
      type="button"
      value="Активные"
    />
    <input
      onClick={[Function]}
      type="button"
      value="Заблокированные"
    />
  </div>
  <table
    className="ClientsTable"
  >
    <thead>
      <tr
        className="header"
      >
        <th>
          Фамилия
        </th>
        <th>
          Имя
        </th>
        <th>
          Отчество
        </th>
        <th>
          Баланс
        </th>
        <th>
          Статус
        </th>
        <th>
          Редактировать
        </th>
        <th>
          Удалить
        </th>
      </tr>
    </thead>
    <tbody>
      <tr
        className="MobileClient"
      >
        <td>
          Иванов
        </td>
        <td>
          Иван
        </td>
        <td>
          Иванович
        </td>
        <td>
          200
        </td>
        <td
          style={
            Object {
              "background": "green",
            }
          }
        >
          active
        </td>
        <td>
          <input
            onClick={[Function]}
            type="button"
            value="Редактировать"
          />
        </td>
        <td>
          <input
            onClick={[Function]}
            type="button"
            value="Удалить"
          />
        </td>
      </tr>
      <tr
        className="MobileClient"
      >
        <td>
          Сидоров
        </td>
        <td>
          Сергей
        </td>
        <td>
          Сергеевич
        </td>
        <td>
          250
        </td>
        <td
          style={
            Object {
              "background": "green",
            }
          }
        >
          active
        </td>
        <td>
          <input
            onClick={[Function]}
            type="button"
            value="Редактировать"
          />
        </td>
        <td>
          <input
            onClick={[Function]}
            type="button"
            value="Удалить"
          />
        </td>
      </tr>
      <tr
        className="MobileClient"
      >
        <td>
          Петров
        </td>
        <td>
          Пётр
        </td>
        <td>
          Петрович
        </td>
        <td>
          180
        </td>
        <td
          style={
            Object {
              "background": "green",
            }
          }
        >
          active
        </td>
        <td>
          <input
            onClick={[Function]}
            type="button"
            value="Редактировать"
          />
        </td>
        <td>
          <input
            onClick={[Function]}
            type="button"
            value="Удалить"
          />
        </td>
      </tr>
      <tr
        className="MobileClient"
      >
        <td>
          Григорьев
        </td>
        <td>
          Григорий
        </td>
        <td>
          Григорьевич
        </td>
        <td>
          -220
        </td>
        <td
          style={
            Object {
              "background": "red",
            }
          }
        >
          blocked
        </td>
        <td>
          <input
            onClick={[Function]}
            type="button"
            value="Редактировать"
          />
        </td>
        <td>
          <input
            onClick={[Function]}
            type="button"
            value="Удалить"
          />
        </td>
      </tr>
    </tbody>
  </table>
  <input
    hidden={false}
    onClick={[Function]}
    type="button"
    value="Добавь клиента"
  />
</div>
`;

exports[`работа кнопки ЗАБЛОКИРОВАННЫЕ 2`] = `
<div
  className="MobileCompany"
>
  <input
    onClick={[Function]}
    type="button"
    value="МТС"
  />
  <input
    onClick={[Function]}
    type="button"
    value="Velcom"
  />
  <div>
    Компания «
    Velcom
    »
  </div>
  <div
    className="FilterBlock"
  >
    <input
      className="All"
      onClick={[Function]}
      type="button"
      value="Все"
    />
    <input
      onClick={[Function]}
      type="button"
      value="Активные"
    />
    <input
      onClick={[Function]}
      type="button"
      value="Заблокированные"
    />
  </div>
  <table
    className="ClientsTable"
  >
    <thead>
      <tr
        className="header"
      >
        <th>
          Фамилия
        </th>
        <th>
          Имя
        </th>
        <th>
          Отчество
        </th>
        <th>
          Баланс
        </th>
        <th>
          Статус
        </th>
        <th>
          Редактировать
        </th>
        <th>
          Удалить
        </th>
      </tr>
    </thead>
    <tbody>
      <tr
        className="MobileClient"
      >
        <td>
          Григорьев
        </td>
        <td>
          Григорий
        </td>
        <td>
          Григорьевич
        </td>
        <td>
          -220
        </td>
        <td
          style={
            Object {
              "background": "red",
            }
          }
        >
          blocked
        </td>
        <td>
          <input
            onClick={[Function]}
            type="button"
            value="Редактировать"
          />
        </td>
        <td>
          <input
            onClick={[Function]}
            type="button"
            value="Удалить"
          />
        </td>
      </tr>
    </tbody>
  </table>
  <input
    hidden={false}
    onClick={[Function]}
    type="button"
    value="Добавь клиента"
  />
</div>
`;

exports[`работа кнопки ЗАБЛОКИРОВАННЫЕ 3`] = `
<div
  className="MobileCompany"
>
  <input
    onClick={[Function]}
    type="button"
    value="МТС"
  />
  <input
    onClick={[Function]}
    type="button"
    value="Velcom"
  />
  <div>
    Компания «
    Velcom
    »
  </div>
  <div
    className="FilterBlock"
  >
    <input
      className="All"
      onClick={[Function]}
      type="button"
      value="Все"
    />
    <input
      onClick={[Function]}
      type="button"
      value="Активные"
    />
    <input
      onClick={[Function]}
      type="button"
      value="Заблокированные"
    />
  </div>
  <table
    className="ClientsTable"
  >
    <thead>
      <tr
        className="header"
      >
        <th>
          Фамилия
        </th>
        <th>
          Имя
        </th>
        <th>
          Отчество
        </th>
        <th>
          Баланс
        </th>
        <th>
          Статус
        </th>
        <th>
          Редактировать
        </th>
        <th>
          Удалить
        </th>
      </tr>
    </thead>
    <tbody>
      <tr
        className="MobileClient"
      >
        <td>
          Григорьев
        </td>
        <td>
          Григорий
        </td>
        <td>
          Григорьевич
        </td>
        <td>
          -220
        </td>
        <td
          style={
            Object {
              "background": "red",
            }
          }
        >
          blocked
        </td>
        <td>
          <input
            onClick={[Function]}
            type="button"
            value="Редактировать"
          />
        </td>
        <td>
          <input
            onClick={[Function]}
            type="button"
            value="Удалить"
          />
        </td>
      </tr>
    </tbody>
  </table>
  <input
    hidden={false}
    onClick={[Function]}
    type="button"
    value="Добавь клиента"
  />
</div>
`;
